2026-01-03 14:34:34 [error]: error: column "updated_at" of relation "companies" does not exist
    at C:\Users\Suswati\Documents\OCC\backend\node_modules\pg-pool\index.js:45:11
    at process.processTicksAndRejections (node:internal/process/task_queues:105:5)
    at async updateBranding (file:///C:/Users/Suswati/Documents/OCC/backend/src/controllers/branding.controller.js:40:24)
2026-01-03 14:35:18 [error]: error: column "updated_at" of relation "companies" does not exist
    at C:\Users\Suswati\Documents\OCC\backend\node_modules\pg-pool\index.js:45:11
    at process.processTicksAndRejections (node:internal/process/task_queues:105:5)
    at async updateBranding (file:///C:/Users/Suswati/Documents/OCC/backend/src/controllers/branding.controller.js:40:24)
2026-01-18 20:00:32 [error]: Error: Only image and video files are allowed!
    at fileFilter (file:///C:/Users/Suswati/Documents/OCC/backend/src/middleware/upload.middleware.js:26:12)
    at wrappedFileFilter (C:\Users\Suswati\Documents\OCC\backend\node_modules\multer\index.js:44:7)
    at Multipart.<anonymous> (C:\Users\Suswati\Documents\OCC\backend\node_modules\multer\lib\make-middleware.js:132:7)
    at Multipart.emit (node:events:519:28)
    at HeaderParser.cb (C:\Users\Suswati\Documents\OCC\backend\node_modules\busboy\lib\types\multipart.js:358:14)
    at HeaderParser.push (C:\Users\Suswati\Documents\OCC\backend\node_modules\busboy\lib\types\multipart.js:162:20)
    at SBMH.ssCb [as _cb] (C:\Users\Suswati\Documents\OCC\backend\node_modules\busboy\lib\types\multipart.js:394:37)
    at feed (C:\Users\Suswati\Documents\OCC\backend\node_modules\streamsearch\lib\sbmh.js:248:10)
    at SBMH.push (C:\Users\Suswati\Documents\OCC\backend\node_modules\streamsearch\lib\sbmh.js:104:16)
    at Multipart._write (C:\Users\Suswati\Documents\OCC\backend\node_modules\busboy\lib\types\multipart.js:567:19)
2026-01-18 20:08:24 [error]: Error: Only image and video files are allowed!
    at fileFilter (file:///C:/Users/Suswati/Documents/OCC/backend/src/middleware/upload.middleware.js:26:12)
    at wrappedFileFilter (C:\Users\Suswati\Documents\OCC\backend\node_modules\multer\index.js:44:7)
    at Multipart.<anonymous> (C:\Users\Suswati\Documents\OCC\backend\node_modules\multer\lib\make-middleware.js:132:7)
    at Multipart.emit (node:events:519:28)
    at HeaderParser.cb (C:\Users\Suswati\Documents\OCC\backend\node_modules\busboy\lib\types\multipart.js:358:14)
    at HeaderParser.push (C:\Users\Suswati\Documents\OCC\backend\node_modules\busboy\lib\types\multipart.js:162:20)
    at SBMH.ssCb [as _cb] (C:\Users\Suswati\Documents\OCC\backend\node_modules\busboy\lib\types\multipart.js:394:37)
    at feed (C:\Users\Suswati\Documents\OCC\backend\node_modules\streamsearch\lib\sbmh.js:248:10)
    at SBMH.push (C:\Users\Suswati\Documents\OCC\backend\node_modules\streamsearch\lib\sbmh.js:104:16)
    at Multipart._write (C:\Users\Suswati\Documents\OCC\backend\node_modules\busboy\lib\types\multipart.js:567:19)
2026-01-18 20:08:39 [error]: Error: Only image and video files are allowed!
    at fileFilter (file:///C:/Users/Suswati/Documents/OCC/backend/src/middleware/upload.middleware.js:26:12)
    at wrappedFileFilter (C:\Users\Suswati\Documents\OCC\backend\node_modules\multer\index.js:44:7)
    at Multipart.<anonymous> (C:\Users\Suswati\Documents\OCC\backend\node_modules\multer\lib\make-middleware.js:132:7)
    at Multipart.emit (node:events:519:28)
    at HeaderParser.cb (C:\Users\Suswati\Documents\OCC\backend\node_modules\busboy\lib\types\multipart.js:358:14)
    at HeaderParser.push (C:\Users\Suswati\Documents\OCC\backend\node_modules\busboy\lib\types\multipart.js:162:20)
    at SBMH.ssCb [as _cb] (C:\Users\Suswati\Documents\OCC\backend\node_modules\busboy\lib\types\multipart.js:394:37)
    at feed (C:\Users\Suswati\Documents\OCC\backend\node_modules\streamsearch\lib\sbmh.js:248:10)
    at SBMH.push (C:\Users\Suswati\Documents\OCC\backend\node_modules\streamsearch\lib\sbmh.js:104:16)
    at Multipart._write (C:\Users\Suswati\Documents\OCC\backend\node_modules\busboy\lib\types\multipart.js:567:19)
2026-01-18 20:08:50 [error]: Error: Only image and video files are allowed!
    at fileFilter (file:///C:/Users/Suswati/Documents/OCC/backend/src/middleware/upload.middleware.js:26:12)
    at wrappedFileFilter (C:\Users\Suswati\Documents\OCC\backend\node_modules\multer\index.js:44:7)
    at Multipart.<anonymous> (C:\Users\Suswati\Documents\OCC\backend\node_modules\multer\lib\make-middleware.js:132:7)
    at Multipart.emit (node:events:519:28)
    at HeaderParser.cb (C:\Users\Suswati\Documents\OCC\backend\node_modules\busboy\lib\types\multipart.js:358:14)
    at HeaderParser.push (C:\Users\Suswati\Documents\OCC\backend\node_modules\busboy\lib\types\multipart.js:162:20)
    at SBMH.ssCb [as _cb] (C:\Users\Suswati\Documents\OCC\backend\node_modules\busboy\lib\types\multipart.js:394:37)
    at feed (C:\Users\Suswati\Documents\OCC\backend\node_modules\streamsearch\lib\sbmh.js:248:10)
    at SBMH.push (C:\Users\Suswati\Documents\OCC\backend\node_modules\streamsearch\lib\sbmh.js:104:16)
    at Multipart._write (C:\Users\Suswati\Documents\OCC\backend\node_modules\busboy\lib\types\multipart.js:567:19)
